// Jest Snapshot v1, https://jestjs.io/docs/snapshot-testing

exports[`TutorialMap tests Get Tiles in range with negative x offset 1`] = `
Grid {
  "height": 8,
  "tiles": [
    [
      MapTile {
        "allowsMovement": false,
        "allowsSight": false,
        "entities": [],
        "tileType": "empty",
      },
      MapTile {
        "allowsMovement": false,
        "allowsSight": false,
        "entities": [],
        "tileType": "empty",
      },
      MapTile {
        "allowsMovement": false,
        "allowsSight": false,
        "entities": [],
        "tileType": "empty",
      },
      MapTile {
        "allowsMovement": false,
        "allowsSight": false,
        "entities": [],
        "tileType": "empty",
      },
      MapTile {
        "allowsMovement": false,
        "allowsSight": false,
        "entities": [],
        "tileType": "empty",
      },
      MapTile {
        "allowsMovement": false,
        "allowsSight": false,
        "entities": [],
        "tileType": "empty",
      },
      MapTile {
        "allowsMovement": false,
        "allowsSight": false,
        "entities": [],
        "tileType": "empty",
      },
      MapTile {
        "allowsMovement": false,
        "allowsSight": false,
        "entities": [],
        "tileType": "empty",
      },
    ],
    [
      MapTile {
        "allowsMovement": false,
        "allowsSight": false,
        "entities": [],
        "tileType": "empty",
      },
      MapTile {
        "allowsMovement": false,
        "allowsSight": false,
        "entities": [],
        "tileType": "empty",
      },
      MapTile {
        "allowsMovement": false,
        "allowsSight": false,
        "entities": [],
        "tileType": "empty",
      },
      MapTile {
        "allowsMovement": false,
        "allowsSight": false,
        "entities": [],
        "tileType": "empty",
      },
      MapTile {
        "allowsMovement": false,
        "allowsSight": false,
        "entities": [],
        "tileType": "empty",
      },
      MapTile {
        "allowsMovement": false,
        "allowsSight": false,
        "entities": [],
        "tileType": "empty",
      },
      MapTile {
        "allowsMovement": false,
        "allowsSight": false,
        "entities": [],
        "tileType": "empty",
      },
      MapTile {
        "allowsMovement": false,
        "allowsSight": false,
        "entities": [],
        "tileType": "empty",
      },
    ],
    [
      MapTile {
        "allowsMovement": false,
        "allowsSight": false,
        "entities": [],
        "tileType": "wall",
      },
      MapTile {
        "allowsMovement": false,
        "allowsSight": false,
        "entities": [],
        "tileType": "wall",
      },
      MapTile {
        "allowsMovement": false,
        "allowsSight": false,
        "entities": [],
        "tileType": "wall",
      },
      MapTile {
        "allowsMovement": false,
        "allowsSight": false,
        "entities": [],
        "tileType": "wall",
      },
      MapTile {
        "allowsMovement": false,
        "allowsSight": false,
        "entities": [],
        "tileType": "wall",
      },
      MapTile {
        "allowsMovement": false,
        "allowsSight": false,
        "entities": [],
        "tileType": "wall",
      },
      MapTile {
        "allowsMovement": false,
        "allowsSight": false,
        "entities": [],
        "tileType": "wall",
      },
      MapTile {
        "allowsMovement": false,
        "allowsSight": false,
        "entities": [],
        "tileType": "wall",
      },
    ],
    [
      MapTile {
        "allowsMovement": false,
        "allowsSight": false,
        "entities": [],
        "tileType": "wall",
      },
      MapTile {
        "allowsMovement": false,
        "allowsSight": false,
        "entities": [],
        "tileType": "wall",
      },
      MapTile {
        "allowsMovement": false,
        "allowsSight": false,
        "entities": [],
        "tileType": "wall",
      },
      MapTile {
        "allowsMovement": false,
        "allowsSight": false,
        "entities": [],
        "tileType": "wall",
      },
      MapTile {
        "allowsMovement": false,
        "allowsSight": false,
        "entities": [],
        "tileType": "wall",
      },
      MapTile {
        "allowsMovement": false,
        "allowsSight": false,
        "entities": [],
        "tileType": "wall",
      },
      MapTile {
        "allowsMovement": false,
        "allowsSight": false,
        "entities": [],
        "tileType": "wall",
      },
      MapTile {
        "allowsMovement": false,
        "allowsSight": false,
        "entities": [],
        "tileType": "wall",
      },
    ],
    [
      MapTile {
        "allowsMovement": false,
        "allowsSight": false,
        "entities": [],
        "tileType": "wall",
      },
      MapTile {
        "allowsMovement": false,
        "allowsSight": false,
        "entities": [],
        "tileType": "wall",
      },
      MapTile {
        "allowsMovement": false,
        "allowsSight": false,
        "entities": [],
        "tileType": "wall",
      },
      MapTile {
        "allowsMovement": false,
        "allowsSight": false,
        "entities": [],
        "tileType": "wall",
      },
      MapTile {
        "allowsMovement": false,
        "allowsSight": false,
        "entities": [],
        "tileType": "wall",
      },
      MapTile {
        "allowsMovement": false,
        "allowsSight": false,
        "entities": [],
        "tileType": "wall",
      },
      MapTile {
        "allowsMovement": false,
        "allowsSight": false,
        "entities": [],
        "tileType": "wall",
      },
      MapTile {
        "allowsMovement": false,
        "allowsSight": false,
        "entities": [],
        "tileType": "wall",
      },
    ],
  ],
  "width": 5,
}
`;

exports[`TutorialMap tests Get Tiles in range with negative y offset 1`] = `
Grid {
  "height": 8,
  "tiles": [
    [
      MapTile {
        "allowsMovement": false,
        "allowsSight": false,
        "entities": [],
        "tileType": "empty",
      },
      MapTile {
        "allowsMovement": false,
        "allowsSight": false,
        "entities": [],
        "tileType": "empty",
      },
      MapTile {
        "allowsMovement": false,
        "allowsSight": false,
        "entities": [],
        "tileType": "wall",
      },
      MapTile {
        "allowsMovement": false,
        "allowsSight": false,
        "entities": [],
        "tileType": "wall",
      },
      MapTile {
        "allowsMovement": false,
        "allowsSight": false,
        "entities": [],
        "tileType": "wall",
      },
      MapTile {
        "allowsMovement": false,
        "allowsSight": false,
        "entities": [],
        "tileType": "wall",
      },
      MapTile {
        "allowsMovement": false,
        "allowsSight": false,
        "entities": [],
        "tileType": "wall",
      },
      MapTile {
        "allowsMovement": false,
        "allowsSight": false,
        "entities": [],
        "tileType": "wall",
      },
    ],
    [
      MapTile {
        "allowsMovement": false,
        "allowsSight": false,
        "entities": [],
        "tileType": "empty",
      },
      MapTile {
        "allowsMovement": false,
        "allowsSight": false,
        "entities": [],
        "tileType": "empty",
      },
      MapTile {
        "allowsMovement": false,
        "allowsSight": false,
        "entities": [],
        "tileType": "wall",
      },
      MapTile {
        "allowsMovement": false,
        "allowsSight": false,
        "entities": [],
        "tileType": "wall",
      },
      MapTile {
        "allowsMovement": false,
        "allowsSight": false,
        "entities": [],
        "tileType": "wall",
      },
      MapTile {
        "allowsMovement": false,
        "allowsSight": false,
        "entities": [],
        "tileType": "wall",
      },
      MapTile {
        "allowsMovement": false,
        "allowsSight": false,
        "entities": [],
        "tileType": "wall",
      },
      MapTile {
        "allowsMovement": false,
        "allowsSight": false,
        "entities": [],
        "tileType": "wall",
      },
    ],
    [
      MapTile {
        "allowsMovement": false,
        "allowsSight": false,
        "entities": [],
        "tileType": "empty",
      },
      MapTile {
        "allowsMovement": false,
        "allowsSight": false,
        "entities": [],
        "tileType": "empty",
      },
      MapTile {
        "allowsMovement": false,
        "allowsSight": false,
        "entities": [],
        "tileType": "wall",
      },
      MapTile {
        "allowsMovement": false,
        "allowsSight": false,
        "entities": [],
        "tileType": "wall",
      },
      MapTile {
        "allowsMovement": false,
        "allowsSight": false,
        "entities": [],
        "tileType": "wall",
      },
      MapTile {
        "allowsMovement": false,
        "allowsSight": false,
        "entities": [],
        "tileType": "wall",
      },
      MapTile {
        "allowsMovement": false,
        "allowsSight": false,
        "entities": [],
        "tileType": "wall",
      },
      MapTile {
        "allowsMovement": false,
        "allowsSight": false,
        "entities": [],
        "tileType": "wall",
      },
    ],
    [
      MapTile {
        "allowsMovement": false,
        "allowsSight": false,
        "entities": [],
        "tileType": "empty",
      },
      MapTile {
        "allowsMovement": false,
        "allowsSight": false,
        "entities": [],
        "tileType": "empty",
      },
      MapTile {
        "allowsMovement": false,
        "allowsSight": false,
        "entities": [],
        "tileType": "wall",
      },
      MapTile {
        "allowsMovement": false,
        "allowsSight": false,
        "entities": [],
        "tileType": "wall",
      },
      MapTile {
        "allowsMovement": false,
        "allowsSight": false,
        "entities": [],
        "tileType": "wall",
      },
      MapTile {
        "allowsMovement": false,
        "allowsSight": false,
        "entities": [],
        "tileType": "wall",
      },
      MapTile {
        "allowsMovement": false,
        "allowsSight": false,
        "entities": [],
        "tileType": "wall",
      },
      MapTile {
        "allowsMovement": false,
        "allowsSight": false,
        "entities": [],
        "tileType": "wall",
      },
    ],
    [
      MapTile {
        "allowsMovement": false,
        "allowsSight": false,
        "entities": [],
        "tileType": "empty",
      },
      MapTile {
        "allowsMovement": false,
        "allowsSight": false,
        "entities": [],
        "tileType": "empty",
      },
      MapTile {
        "allowsMovement": false,
        "allowsSight": false,
        "entities": [],
        "tileType": "wall",
      },
      MapTile {
        "allowsMovement": false,
        "allowsSight": false,
        "entities": [],
        "tileType": "wall",
      },
      MapTile {
        "allowsMovement": false,
        "allowsSight": false,
        "entities": [],
        "tileType": "wall",
      },
      MapTile {
        "allowsMovement": false,
        "allowsSight": false,
        "entities": [],
        "tileType": "wall",
      },
      MapTile {
        "allowsMovement": false,
        "allowsSight": false,
        "entities": [],
        "tileType": "wall",
      },
      MapTile {
        "allowsMovement": false,
        "allowsSight": false,
        "entities": [],
        "tileType": "wall",
      },
    ],
  ],
  "width": 5,
}
`;

exports[`TutorialMap tests Get Tiles in range with no offset 1`] = `
Grid {
  "height": 8,
  "tiles": [
    [
      MapTile {
        "allowsMovement": false,
        "allowsSight": false,
        "entities": [],
        "tileType": "wall",
      },
      MapTile {
        "allowsMovement": false,
        "allowsSight": false,
        "entities": [],
        "tileType": "wall",
      },
      MapTile {
        "allowsMovement": false,
        "allowsSight": false,
        "entities": [],
        "tileType": "wall",
      },
      MapTile {
        "allowsMovement": false,
        "allowsSight": false,
        "entities": [],
        "tileType": "wall",
      },
      MapTile {
        "allowsMovement": false,
        "allowsSight": false,
        "entities": [],
        "tileType": "wall",
      },
      MapTile {
        "allowsMovement": false,
        "allowsSight": false,
        "entities": [],
        "tileType": "wall",
      },
      MapTile {
        "allowsMovement": false,
        "allowsSight": false,
        "entities": [],
        "tileType": "wall",
      },
      MapTile {
        "allowsMovement": false,
        "allowsSight": false,
        "entities": [],
        "tileType": "wall",
      },
    ],
    [
      MapTile {
        "allowsMovement": false,
        "allowsSight": false,
        "entities": [],
        "tileType": "wall",
      },
      MapTile {
        "allowsMovement": false,
        "allowsSight": false,
        "entities": [],
        "tileType": "wall",
      },
      MapTile {
        "allowsMovement": false,
        "allowsSight": false,
        "entities": [],
        "tileType": "wall",
      },
      MapTile {
        "allowsMovement": false,
        "allowsSight": false,
        "entities": [],
        "tileType": "wall",
      },
      MapTile {
        "allowsMovement": false,
        "allowsSight": false,
        "entities": [],
        "tileType": "wall",
      },
      MapTile {
        "allowsMovement": false,
        "allowsSight": false,
        "entities": [],
        "tileType": "wall",
      },
      MapTile {
        "allowsMovement": false,
        "allowsSight": false,
        "entities": [],
        "tileType": "wall",
      },
      MapTile {
        "allowsMovement": false,
        "allowsSight": false,
        "entities": [],
        "tileType": "wall",
      },
    ],
    [
      MapTile {
        "allowsMovement": false,
        "allowsSight": false,
        "entities": [],
        "tileType": "wall",
      },
      MapTile {
        "allowsMovement": false,
        "allowsSight": false,
        "entities": [],
        "tileType": "wall",
      },
      MapTile {
        "allowsMovement": false,
        "allowsSight": false,
        "entities": [],
        "tileType": "wall",
      },
      MapTile {
        "allowsMovement": false,
        "allowsSight": false,
        "entities": [],
        "tileType": "wall",
      },
      MapTile {
        "allowsMovement": false,
        "allowsSight": false,
        "entities": [],
        "tileType": "wall",
      },
      MapTile {
        "allowsMovement": false,
        "allowsSight": false,
        "entities": [],
        "tileType": "wall",
      },
      MapTile {
        "allowsMovement": false,
        "allowsSight": false,
        "entities": [],
        "tileType": "wall",
      },
      MapTile {
        "allowsMovement": false,
        "allowsSight": false,
        "entities": [],
        "tileType": "wall",
      },
    ],
    [
      MapTile {
        "allowsMovement": false,
        "allowsSight": false,
        "entities": [],
        "tileType": "wall",
      },
      MapTile {
        "allowsMovement": false,
        "allowsSight": false,
        "entities": [],
        "tileType": "wall",
      },
      MapTile {
        "allowsMovement": false,
        "allowsSight": false,
        "entities": [],
        "tileType": "wall",
      },
      MapTile {
        "allowsMovement": false,
        "allowsSight": false,
        "entities": [],
        "tileType": "wall",
      },
      MapTile {
        "allowsMovement": false,
        "allowsSight": false,
        "entities": [],
        "tileType": "wall",
      },
      MapTile {
        "allowsMovement": false,
        "allowsSight": false,
        "entities": [],
        "tileType": "wall",
      },
      MapTile {
        "allowsMovement": false,
        "allowsSight": false,
        "entities": [],
        "tileType": "wall",
      },
      MapTile {
        "allowsMovement": false,
        "allowsSight": false,
        "entities": [],
        "tileType": "wall",
      },
    ],
    [
      MapTile {
        "allowsMovement": false,
        "allowsSight": false,
        "entities": [],
        "tileType": "wall",
      },
      MapTile {
        "allowsMovement": false,
        "allowsSight": false,
        "entities": [],
        "tileType": "wall",
      },
      MapTile {
        "allowsMovement": false,
        "allowsSight": false,
        "entities": [],
        "tileType": "wall",
      },
      MapTile {
        "allowsMovement": false,
        "allowsSight": false,
        "entities": [],
        "tileType": "wall",
      },
      MapTile {
        "allowsMovement": false,
        "allowsSight": false,
        "entities": [],
        "tileType": "wall",
      },
      MapTile {
        "allowsMovement": false,
        "allowsSight": false,
        "entities": [],
        "tileType": "wall",
      },
      MapTile {
        "allowsMovement": false,
        "allowsSight": false,
        "entities": [],
        "tileType": "wall",
      },
      MapTile {
        "allowsMovement": false,
        "allowsSight": false,
        "entities": [],
        "tileType": "wall",
      },
    ],
  ],
  "width": 5,
}
`;

exports[`TutorialMap tests Get Tiles in range with y overflow 1`] = `
Grid {
  "height": 8,
  "tiles": [
    [
      MapTile {
        "allowsMovement": false,
        "allowsSight": false,
        "entities": [],
        "tileType": "wall",
      },
      MapTile {
        "allowsMovement": false,
        "allowsSight": false,
        "entities": [],
        "tileType": "wall",
      },
      MapTile {
        "allowsMovement": false,
        "allowsSight": false,
        "entities": [],
        "tileType": "wall",
      },
      MapTile {
        "allowsMovement": false,
        "allowsSight": false,
        "entities": [],
        "tileType": "wall",
      },
      MapTile {
        "allowsMovement": false,
        "allowsSight": false,
        "entities": [],
        "tileType": "wall",
      },
      MapTile {
        "allowsMovement": false,
        "allowsSight": false,
        "entities": [],
        "tileType": "wall",
      },
      MapTile {
        "allowsMovement": false,
        "allowsSight": false,
        "entities": [],
        "tileType": "empty",
      },
      MapTile {
        "allowsMovement": false,
        "allowsSight": false,
        "entities": [],
        "tileType": "empty",
      },
    ],
    [
      MapTile {
        "allowsMovement": false,
        "allowsSight": false,
        "entities": [],
        "tileType": "wall",
      },
      MapTile {
        "allowsMovement": false,
        "allowsSight": false,
        "entities": [],
        "tileType": "wall",
      },
      MapTile {
        "allowsMovement": false,
        "allowsSight": false,
        "entities": [],
        "tileType": "wall",
      },
      MapTile {
        "allowsMovement": false,
        "allowsSight": false,
        "entities": [],
        "tileType": "wall",
      },
      MapTile {
        "allowsMovement": false,
        "allowsSight": false,
        "entities": [],
        "tileType": "wall",
      },
      MapTile {
        "allowsMovement": false,
        "allowsSight": false,
        "entities": [],
        "tileType": "wall",
      },
      MapTile {
        "allowsMovement": false,
        "allowsSight": false,
        "entities": [],
        "tileType": "empty",
      },
      MapTile {
        "allowsMovement": false,
        "allowsSight": false,
        "entities": [],
        "tileType": "empty",
      },
    ],
    [
      MapTile {
        "allowsMovement": false,
        "allowsSight": false,
        "entities": [],
        "tileType": "wall",
      },
      MapTile {
        "allowsMovement": false,
        "allowsSight": false,
        "entities": [],
        "tileType": "wall",
      },
      MapTile {
        "allowsMovement": false,
        "allowsSight": false,
        "entities": [],
        "tileType": "wall",
      },
      MapTile {
        "allowsMovement": false,
        "allowsSight": false,
        "entities": [],
        "tileType": "wall",
      },
      MapTile {
        "allowsMovement": false,
        "allowsSight": false,
        "entities": [],
        "tileType": "wall",
      },
      MapTile {
        "allowsMovement": false,
        "allowsSight": false,
        "entities": [],
        "tileType": "wall",
      },
      MapTile {
        "allowsMovement": false,
        "allowsSight": false,
        "entities": [],
        "tileType": "empty",
      },
      MapTile {
        "allowsMovement": false,
        "allowsSight": false,
        "entities": [],
        "tileType": "empty",
      },
    ],
    [
      MapTile {
        "allowsMovement": false,
        "allowsSight": false,
        "entities": [],
        "tileType": "wall",
      },
      MapTile {
        "allowsMovement": false,
        "allowsSight": false,
        "entities": [],
        "tileType": "wall",
      },
      MapTile {
        "allowsMovement": false,
        "allowsSight": false,
        "entities": [],
        "tileType": "wall",
      },
      MapTile {
        "allowsMovement": false,
        "allowsSight": false,
        "entities": [],
        "tileType": "wall",
      },
      MapTile {
        "allowsMovement": false,
        "allowsSight": false,
        "entities": [],
        "tileType": "wall",
      },
      MapTile {
        "allowsMovement": false,
        "allowsSight": false,
        "entities": [],
        "tileType": "wall",
      },
      MapTile {
        "allowsMovement": false,
        "allowsSight": false,
        "entities": [],
        "tileType": "empty",
      },
      MapTile {
        "allowsMovement": false,
        "allowsSight": false,
        "entities": [],
        "tileType": "empty",
      },
    ],
    [
      MapTile {
        "allowsMovement": false,
        "allowsSight": false,
        "entities": [],
        "tileType": "wall",
      },
      MapTile {
        "allowsMovement": false,
        "allowsSight": false,
        "entities": [],
        "tileType": "wall",
      },
      MapTile {
        "allowsMovement": false,
        "allowsSight": false,
        "entities": [],
        "tileType": "wall",
      },
      MapTile {
        "allowsMovement": false,
        "allowsSight": false,
        "entities": [],
        "tileType": "wall",
      },
      MapTile {
        "allowsMovement": false,
        "allowsSight": false,
        "entities": [],
        "tileType": "wall",
      },
      MapTile {
        "allowsMovement": false,
        "allowsSight": false,
        "entities": [],
        "tileType": "wall",
      },
      MapTile {
        "allowsMovement": false,
        "allowsSight": false,
        "entities": [],
        "tileType": "empty",
      },
      MapTile {
        "allowsMovement": false,
        "allowsSight": false,
        "entities": [],
        "tileType": "empty",
      },
    ],
  ],
  "width": 5,
}
`;
