// Jest Snapshot v1, https://jestjs.io/docs/snapshot-testing

exports[`TutorialMap tests Get Tiles in range with negative x offset 1`] = `
[
  [
    MapTile {
      "allowsMovement": false,
      "allowsSight": false,
      "type": "empty",
    },
    MapTile {
      "allowsMovement": false,
      "allowsSight": false,
      "type": "empty",
    },
    MapTile {
      "allowsMovement": false,
      "allowsSight": false,
      "type": "empty",
    },
    MapTile {
      "allowsMovement": false,
      "allowsSight": false,
      "type": "empty",
    },
    MapTile {
      "allowsMovement": false,
      "allowsSight": false,
      "type": "empty",
    },
    MapTile {
      "allowsMovement": false,
      "allowsSight": false,
      "type": "empty",
    },
    MapTile {
      "allowsMovement": false,
      "allowsSight": false,
      "type": "empty",
    },
    MapTile {
      "allowsMovement": false,
      "allowsSight": false,
      "type": "empty",
    },
  ],
  [
    MapTile {
      "allowsMovement": false,
      "allowsSight": false,
      "type": "empty",
    },
    MapTile {
      "allowsMovement": false,
      "allowsSight": false,
      "type": "empty",
    },
    MapTile {
      "allowsMovement": false,
      "allowsSight": false,
      "type": "empty",
    },
    MapTile {
      "allowsMovement": false,
      "allowsSight": false,
      "type": "empty",
    },
    MapTile {
      "allowsMovement": false,
      "allowsSight": false,
      "type": "empty",
    },
    MapTile {
      "allowsMovement": false,
      "allowsSight": false,
      "type": "empty",
    },
    MapTile {
      "allowsMovement": false,
      "allowsSight": false,
      "type": "empty",
    },
    MapTile {
      "allowsMovement": false,
      "allowsSight": false,
      "type": "empty",
    },
  ],
  [
    MapTile {
      "allowsMovement": false,
      "allowsSight": false,
      "type": "wall",
    },
    MapTile {
      "allowsMovement": false,
      "allowsSight": false,
      "type": "wall",
    },
    MapTile {
      "allowsMovement": false,
      "allowsSight": false,
      "type": "wall",
    },
    MapTile {
      "allowsMovement": false,
      "allowsSight": false,
      "type": "wall",
    },
    MapTile {
      "allowsMovement": false,
      "allowsSight": false,
      "type": "wall",
    },
    MapTile {
      "allowsMovement": false,
      "allowsSight": false,
      "type": "wall",
    },
    MapTile {
      "allowsMovement": false,
      "allowsSight": false,
      "type": "wall",
    },
    MapTile {
      "allowsMovement": false,
      "allowsSight": false,
      "type": "wall",
    },
  ],
  [
    MapTile {
      "allowsMovement": false,
      "allowsSight": false,
      "type": "wall",
    },
    MapTile {
      "allowsMovement": false,
      "allowsSight": false,
      "type": "wall",
    },
    MapTile {
      "allowsMovement": false,
      "allowsSight": false,
      "type": "wall",
    },
    MapTile {
      "allowsMovement": false,
      "allowsSight": false,
      "type": "wall",
    },
    MapTile {
      "allowsMovement": false,
      "allowsSight": false,
      "type": "wall",
    },
    MapTile {
      "allowsMovement": false,
      "allowsSight": false,
      "type": "wall",
    },
    MapTile {
      "allowsMovement": false,
      "allowsSight": false,
      "type": "wall",
    },
    MapTile {
      "allowsMovement": false,
      "allowsSight": false,
      "type": "wall",
    },
  ],
  [
    MapTile {
      "allowsMovement": false,
      "allowsSight": false,
      "type": "wall",
    },
    MapTile {
      "allowsMovement": false,
      "allowsSight": false,
      "type": "wall",
    },
    MapTile {
      "allowsMovement": false,
      "allowsSight": false,
      "type": "wall",
    },
    MapTile {
      "allowsMovement": false,
      "allowsSight": false,
      "type": "wall",
    },
    MapTile {
      "allowsMovement": false,
      "allowsSight": false,
      "type": "wall",
    },
    MapTile {
      "allowsMovement": false,
      "allowsSight": false,
      "type": "wall",
    },
    MapTile {
      "allowsMovement": false,
      "allowsSight": false,
      "type": "wall",
    },
    MapTile {
      "allowsMovement": false,
      "allowsSight": false,
      "type": "wall",
    },
  ],
]
`;

exports[`TutorialMap tests Get Tiles in range with negative y offset 1`] = `
[
  [
    MapTile {
      "allowsMovement": false,
      "allowsSight": false,
      "type": "empty",
    },
    MapTile {
      "allowsMovement": false,
      "allowsSight": false,
      "type": "empty",
    },
    MapTile {
      "allowsMovement": false,
      "allowsSight": false,
      "type": "wall",
    },
    MapTile {
      "allowsMovement": false,
      "allowsSight": false,
      "type": "wall",
    },
    MapTile {
      "allowsMovement": false,
      "allowsSight": false,
      "type": "wall",
    },
    MapTile {
      "allowsMovement": false,
      "allowsSight": false,
      "type": "wall",
    },
    MapTile {
      "allowsMovement": false,
      "allowsSight": false,
      "type": "wall",
    },
    MapTile {
      "allowsMovement": false,
      "allowsSight": false,
      "type": "wall",
    },
  ],
  [
    MapTile {
      "allowsMovement": false,
      "allowsSight": false,
      "type": "empty",
    },
    MapTile {
      "allowsMovement": false,
      "allowsSight": false,
      "type": "empty",
    },
    MapTile {
      "allowsMovement": false,
      "allowsSight": false,
      "type": "wall",
    },
    MapTile {
      "allowsMovement": false,
      "allowsSight": false,
      "type": "wall",
    },
    MapTile {
      "allowsMovement": false,
      "allowsSight": false,
      "type": "wall",
    },
    MapTile {
      "allowsMovement": false,
      "allowsSight": false,
      "type": "wall",
    },
    MapTile {
      "allowsMovement": false,
      "allowsSight": false,
      "type": "wall",
    },
    MapTile {
      "allowsMovement": false,
      "allowsSight": false,
      "type": "wall",
    },
  ],
  [
    MapTile {
      "allowsMovement": false,
      "allowsSight": false,
      "type": "empty",
    },
    MapTile {
      "allowsMovement": false,
      "allowsSight": false,
      "type": "empty",
    },
    MapTile {
      "allowsMovement": false,
      "allowsSight": false,
      "type": "wall",
    },
    MapTile {
      "allowsMovement": false,
      "allowsSight": false,
      "type": "wall",
    },
    MapTile {
      "allowsMovement": false,
      "allowsSight": false,
      "type": "wall",
    },
    MapTile {
      "allowsMovement": false,
      "allowsSight": false,
      "type": "wall",
    },
    MapTile {
      "allowsMovement": false,
      "allowsSight": false,
      "type": "wall",
    },
    MapTile {
      "allowsMovement": false,
      "allowsSight": false,
      "type": "wall",
    },
  ],
  [
    MapTile {
      "allowsMovement": false,
      "allowsSight": false,
      "type": "empty",
    },
    MapTile {
      "allowsMovement": false,
      "allowsSight": false,
      "type": "empty",
    },
    MapTile {
      "allowsMovement": false,
      "allowsSight": false,
      "type": "wall",
    },
    MapTile {
      "allowsMovement": false,
      "allowsSight": false,
      "type": "wall",
    },
    MapTile {
      "allowsMovement": false,
      "allowsSight": false,
      "type": "wall",
    },
    MapTile {
      "allowsMovement": false,
      "allowsSight": false,
      "type": "wall",
    },
    MapTile {
      "allowsMovement": false,
      "allowsSight": false,
      "type": "wall",
    },
    MapTile {
      "allowsMovement": false,
      "allowsSight": false,
      "type": "wall",
    },
  ],
  [
    MapTile {
      "allowsMovement": false,
      "allowsSight": false,
      "type": "empty",
    },
    MapTile {
      "allowsMovement": false,
      "allowsSight": false,
      "type": "empty",
    },
    MapTile {
      "allowsMovement": false,
      "allowsSight": false,
      "type": "wall",
    },
    MapTile {
      "allowsMovement": false,
      "allowsSight": false,
      "type": "wall",
    },
    MapTile {
      "allowsMovement": false,
      "allowsSight": false,
      "type": "wall",
    },
    MapTile {
      "allowsMovement": false,
      "allowsSight": false,
      "type": "wall",
    },
    MapTile {
      "allowsMovement": false,
      "allowsSight": false,
      "type": "wall",
    },
    MapTile {
      "allowsMovement": false,
      "allowsSight": false,
      "type": "wall",
    },
  ],
]
`;

exports[`TutorialMap tests Get Tiles in range with no offset 1`] = `
[
  [
    MapTile {
      "allowsMovement": false,
      "allowsSight": false,
      "type": "wall",
    },
    MapTile {
      "allowsMovement": false,
      "allowsSight": false,
      "type": "wall",
    },
    MapTile {
      "allowsMovement": false,
      "allowsSight": false,
      "type": "wall",
    },
    MapTile {
      "allowsMovement": false,
      "allowsSight": false,
      "type": "wall",
    },
    MapTile {
      "allowsMovement": false,
      "allowsSight": false,
      "type": "wall",
    },
    MapTile {
      "allowsMovement": false,
      "allowsSight": false,
      "type": "wall",
    },
    MapTile {
      "allowsMovement": false,
      "allowsSight": false,
      "type": "wall",
    },
    MapTile {
      "allowsMovement": false,
      "allowsSight": false,
      "type": "wall",
    },
  ],
  [
    MapTile {
      "allowsMovement": false,
      "allowsSight": false,
      "type": "wall",
    },
    MapTile {
      "allowsMovement": false,
      "allowsSight": false,
      "type": "wall",
    },
    MapTile {
      "allowsMovement": false,
      "allowsSight": false,
      "type": "wall",
    },
    MapTile {
      "allowsMovement": false,
      "allowsSight": false,
      "type": "wall",
    },
    MapTile {
      "allowsMovement": false,
      "allowsSight": false,
      "type": "wall",
    },
    MapTile {
      "allowsMovement": false,
      "allowsSight": false,
      "type": "wall",
    },
    MapTile {
      "allowsMovement": false,
      "allowsSight": false,
      "type": "wall",
    },
    MapTile {
      "allowsMovement": false,
      "allowsSight": false,
      "type": "wall",
    },
  ],
  [
    MapTile {
      "allowsMovement": false,
      "allowsSight": false,
      "type": "wall",
    },
    MapTile {
      "allowsMovement": false,
      "allowsSight": false,
      "type": "wall",
    },
    MapTile {
      "allowsMovement": false,
      "allowsSight": false,
      "type": "wall",
    },
    MapTile {
      "allowsMovement": false,
      "allowsSight": false,
      "type": "wall",
    },
    MapTile {
      "allowsMovement": false,
      "allowsSight": false,
      "type": "wall",
    },
    MapTile {
      "allowsMovement": false,
      "allowsSight": false,
      "type": "wall",
    },
    MapTile {
      "allowsMovement": false,
      "allowsSight": false,
      "type": "wall",
    },
    MapTile {
      "allowsMovement": false,
      "allowsSight": false,
      "type": "wall",
    },
  ],
  [
    MapTile {
      "allowsMovement": false,
      "allowsSight": false,
      "type": "wall",
    },
    MapTile {
      "allowsMovement": false,
      "allowsSight": false,
      "type": "wall",
    },
    MapTile {
      "allowsMovement": false,
      "allowsSight": false,
      "type": "wall",
    },
    MapTile {
      "allowsMovement": false,
      "allowsSight": false,
      "type": "wall",
    },
    MapTile {
      "allowsMovement": false,
      "allowsSight": false,
      "type": "wall",
    },
    MapTile {
      "allowsMovement": false,
      "allowsSight": false,
      "type": "wall",
    },
    MapTile {
      "allowsMovement": false,
      "allowsSight": false,
      "type": "wall",
    },
    MapTile {
      "allowsMovement": false,
      "allowsSight": false,
      "type": "wall",
    },
  ],
  [
    MapTile {
      "allowsMovement": false,
      "allowsSight": false,
      "type": "wall",
    },
    MapTile {
      "allowsMovement": false,
      "allowsSight": false,
      "type": "wall",
    },
    MapTile {
      "allowsMovement": false,
      "allowsSight": false,
      "type": "wall",
    },
    MapTile {
      "allowsMovement": false,
      "allowsSight": false,
      "type": "wall",
    },
    MapTile {
      "allowsMovement": false,
      "allowsSight": false,
      "type": "wall",
    },
    MapTile {
      "allowsMovement": false,
      "allowsSight": false,
      "type": "wall",
    },
    MapTile {
      "allowsMovement": false,
      "allowsSight": false,
      "type": "wall",
    },
    MapTile {
      "allowsMovement": false,
      "allowsSight": false,
      "type": "wall",
    },
  ],
]
`;

exports[`TutorialMap tests Get Tiles in range with y overflow 1`] = `
[
  [
    MapTile {
      "allowsMovement": false,
      "allowsSight": false,
      "type": "wall",
    },
    MapTile {
      "allowsMovement": false,
      "allowsSight": false,
      "type": "wall",
    },
    MapTile {
      "allowsMovement": false,
      "allowsSight": false,
      "type": "wall",
    },
    MapTile {
      "allowsMovement": false,
      "allowsSight": false,
      "type": "wall",
    },
    MapTile {
      "allowsMovement": false,
      "allowsSight": false,
      "type": "wall",
    },
    MapTile {
      "allowsMovement": false,
      "allowsSight": false,
      "type": "wall",
    },
    MapTile {
      "allowsMovement": false,
      "allowsSight": false,
      "type": "empty",
    },
    MapTile {
      "allowsMovement": false,
      "allowsSight": false,
      "type": "empty",
    },
  ],
  [
    MapTile {
      "allowsMovement": false,
      "allowsSight": false,
      "type": "wall",
    },
    MapTile {
      "allowsMovement": false,
      "allowsSight": false,
      "type": "wall",
    },
    MapTile {
      "allowsMovement": false,
      "allowsSight": false,
      "type": "wall",
    },
    MapTile {
      "allowsMovement": false,
      "allowsSight": false,
      "type": "wall",
    },
    MapTile {
      "allowsMovement": false,
      "allowsSight": false,
      "type": "wall",
    },
    MapTile {
      "allowsMovement": false,
      "allowsSight": false,
      "type": "wall",
    },
    MapTile {
      "allowsMovement": false,
      "allowsSight": false,
      "type": "empty",
    },
    MapTile {
      "allowsMovement": false,
      "allowsSight": false,
      "type": "empty",
    },
  ],
  [
    MapTile {
      "allowsMovement": false,
      "allowsSight": false,
      "type": "wall",
    },
    MapTile {
      "allowsMovement": false,
      "allowsSight": false,
      "type": "wall",
    },
    MapTile {
      "allowsMovement": false,
      "allowsSight": false,
      "type": "wall",
    },
    MapTile {
      "allowsMovement": false,
      "allowsSight": false,
      "type": "wall",
    },
    MapTile {
      "allowsMovement": false,
      "allowsSight": false,
      "type": "wall",
    },
    MapTile {
      "allowsMovement": false,
      "allowsSight": false,
      "type": "wall",
    },
    MapTile {
      "allowsMovement": false,
      "allowsSight": false,
      "type": "empty",
    },
    MapTile {
      "allowsMovement": false,
      "allowsSight": false,
      "type": "empty",
    },
  ],
  [
    MapTile {
      "allowsMovement": false,
      "allowsSight": false,
      "type": "wall",
    },
    MapTile {
      "allowsMovement": false,
      "allowsSight": false,
      "type": "wall",
    },
    MapTile {
      "allowsMovement": false,
      "allowsSight": false,
      "type": "wall",
    },
    MapTile {
      "allowsMovement": false,
      "allowsSight": false,
      "type": "wall",
    },
    MapTile {
      "allowsMovement": false,
      "allowsSight": false,
      "type": "wall",
    },
    MapTile {
      "allowsMovement": false,
      "allowsSight": false,
      "type": "wall",
    },
    MapTile {
      "allowsMovement": false,
      "allowsSight": false,
      "type": "empty",
    },
    MapTile {
      "allowsMovement": false,
      "allowsSight": false,
      "type": "empty",
    },
  ],
  [
    MapTile {
      "allowsMovement": false,
      "allowsSight": false,
      "type": "wall",
    },
    MapTile {
      "allowsMovement": false,
      "allowsSight": false,
      "type": "wall",
    },
    MapTile {
      "allowsMovement": false,
      "allowsSight": false,
      "type": "wall",
    },
    MapTile {
      "allowsMovement": false,
      "allowsSight": false,
      "type": "wall",
    },
    MapTile {
      "allowsMovement": false,
      "allowsSight": false,
      "type": "wall",
    },
    MapTile {
      "allowsMovement": false,
      "allowsSight": false,
      "type": "wall",
    },
    MapTile {
      "allowsMovement": false,
      "allowsSight": false,
      "type": "empty",
    },
    MapTile {
      "allowsMovement": false,
      "allowsSight": false,
      "type": "empty",
    },
  ],
]
`;
